2026-05-09 14:33:14.642236: I tensorflow/core/platform/cpu_feature_guard.cc:182] This TensorFlow binary is optimized to use available CPU instructions in performance-critical operations.
To enable the following instructions: AVX2 FMA, in other operations, rebuild TensorFlow with the appropriate compiler flags.
Loading OULAD...
Loading OULAD tables...
  Students:  28,785
  Structured: 56 raw features → padded to 64
  Building behavioral sequences (~30 s for 10 M rows)...
  Behavioral tensor: (28785, 50, 32)
  Courses:   22
  Resources: 6,364
  [graph cap] accessed edges → 100,000
Loading BERT cache from data/bert_cache_oulad.pt...
  [FIX 3] torch-sparse/pyg-lib not found — using full-graph loader (install torch-sparse for NeighborLoader speedup)

==========================================================
  Variant: MG-HGNN (full)
==========================================================
  Fold 1: AUC=0.8021  RMSE=1.9102  F1=0.4951
  Fold 2: AUC=0.8305  RMSE=1.9582  F1=0.4689
  Fold 3: AUC=0.8777  RMSE=1.9072  F1=0.5225
  Fold 4: AUC=0.8047  RMSE=1.9113  F1=0.4895
  Fold 5: AUC=0.8503  RMSE=2.0109  F1=0.4972

  MG-HGNN (full): AUC = 0.8331 ± 0.0285  (5.9 min)

==========================================================
  Variant: Uniform gate
==========================================================
  Fold 1: AUC=0.8536  RMSE=2.0083  F1=0.5120
  Fold 2: AUC=0.8365  RMSE=1.9244  F1=0.5221
  Fold 3: AUC=0.8593  RMSE=1.9309  F1=0.5111
  Fold 4: AUC=0.8526  RMSE=2.0344  F1=0.4549
  Fold 5: AUC=0.8475  RMSE=1.9642  F1=0.4741

  Uniform gate: AUC = 0.8499 ± 0.0077  (5.3 min)

==========================================================
  Variant: Shared gate
==========================================================
  Fold 1: AUC=0.7752  RMSE=1.9447  F1=0.4619
  Fold 2: AUC=0.8495  RMSE=1.9949  F1=0.4996
  Fold 3: AUC=0.7625  RMSE=2.1365  F1=0.2976
  Fold 4: AUC=0.7972  RMSE=1.9798  F1=0.5049
  Fold 5: AUC=0.8465  RMSE=2.0616  F1=0.5075

  Shared gate: AUC = 0.8062 ± 0.0359  (5.9 min)

==========================================================
  Variant: Struct only
==========================================================
  Fold 1: AUC=0.8433  RMSE=1.9756  F1=0.4944
  Fold 2: AUC=0.8809  RMSE=1.9818  F1=0.4913
  Fold 3: AUC=0.8775  RMSE=2.0313  F1=0.5090
  Fold 4: AUC=0.8779  RMSE=2.0150  F1=0.5103
  Fold 5: AUC=0.8989  RMSE=1.9935  F1=0.5219

  Struct only: AUC = 0.8757 ± 0.0180  (6.9 min)

==========================================================
  Variant: Behavioral only
==========================================================
  Fold 1: AUC=0.7279  RMSE=1.8552  F1=0.4504
  Fold 2: AUC=0.7329  RMSE=1.8434  F1=0.4761
  Fold 3: AUC=0.7243  RMSE=1.8488  F1=0.4556
  Fold 4: AUC=0.7375  RMSE=2.2514  F1=0.3058
  Fold 5: AUC=0.7339  RMSE=2.0894  F1=0.2717

  Behavioral only: AUC = 0.7313 ± 0.0046  (5.8 min)

==========================================================
  ABLATION TABLE  (5-fold, 50 epochs each)
==========================================================
  Variant                           AUC       ±      RMSE       F1
  ----------------------------------------------------------
  MG-HGNN (full)                 0.8331  0.0285    1.9396   0.4946  ←
  Uniform gate                   0.8499  0.0077    1.9724   0.4949
  Shared gate                    0.8062  0.0359    2.0235   0.4543
  Struct only                    0.8757  0.0180    1.9995   0.5054
  Behavioral only                0.7313  0.0046    1.9777   0.3919
==========================================================

Saved → results/ablation_results.json
